/Users/germantatis/Library/Python/3.9/lib/python/site-packages/google/oauth2/__init__.py:40: FutureWarning: You are using a Python version 3.9 past its end of life. Google will update google-auth with critical bug fixes on a best-effort basis, but not with any other fixes or features. Please upgrade your Python version, and then update google-auth.
  warnings.warn(eol_message.format("3.9"), FutureWarning)
/Users/germantatis/Library/Python/3.9/lib/python/site-packages/google/auth/__init__.py:54: FutureWarning: You are using a Python version 3.9 past its end of life. Google will update google-auth with critical bug fixes on a best-effort basis, but not with any other fixes or features. Please upgrade your Python version, and then update google-auth.
  warnings.warn(eol_message.format("3.9"), FutureWarning)
/Users/germantatis/Library/Python/3.9/lib/python/site-packages/google/api_core/_python_version_support.py:246: FutureWarning: You are using a non-supported Python version (3.9.6). Google will not post any further updates to google.api_core supporting this Python version. Please upgrade to the latest Python version, or at least Python 3.11, and then update google.api_core.
  warnings.warn(message, FutureWarning)
target presentation: 1JSaFLC6QEIoNDFq1RbmMglAyuf8bLx7HDk2qzeeEbbA (Deck - OnlyFans + Yuno · Token Vault (Oct 2026))
[01] cover              cover
  applied    2 requests duplicate t1 -> n01_g3f77215683c_1_445
  applied   16 requests n01
  applied    2 requests notes n01_g3f77215683c_1_445
[02] agenda             agenda
  applied    2 requests duplicate t2 -> n02_g3f769a0f446_0_0
  applied  108 requests n02
[03] divider            d01
  applied    2 requests duplicate t3 -> n03_g3f769a0f446_0_988
  applied   13 requests n03
  applied    1 requests notes n03_g3f769a0f446_0_988
[04] diagram            understood
  applied    2 requests duplicate t7 -> n04_g3f77215683c_2_2968
  applied  174 requests n04
  applied    3 requests notes n04_g3f77215683c_2_2968
[05] cards_row          howtoread
  applied    2 requests duplicate t7 -> n05_g3f77215683c_2_2968
  applied   94 requests n05
  applied    3 requests notes n05_g3f77215683c_2_2968
[06] stats              answer
  applied    2 requests duplicate t7 -> n06_g3f77215683c_2_2968
  applied   94 requests n06
  applied    3 requests notes n06_g3f77215683c_2_2968
[07] exec_summary       exec
  applied    2 requests duplicate t7 -> n07_g3f77215683c_2_2968
  applied  116 requests n07
  applied    3 requests notes n07_g3f77215683c_2_2968
[08] divider            d02
  applied    2 requests duplicate t3 -> n08_g3f769a0f446_0_988
  applied   13 requests n08
  applied    1 requests notes n08_g3f769a0f446_0_988
[09] stats              industry-glance
  applied    2 requests duplicate t7 -> n09_g3f77215683c_2_2968
  applied  115 requests n09
  applied    3 requests notes n09_g3f77215683c_2_2968
[10] cards_row          no-single-bank
  applied    2 requests duplicate t7 -> n10_g3f77215683c_2_2968
  applied  111 requests n10
  applied    3 requests notes n10_g3f77215683c_2_2968
[11] cards_row          vault-2026
  applied    2 requests duplicate t7 -> n11_g3f77215683c_2_2968
  applied  111 requests n11
  applied    3 requests notes n11_g3f77215683c_2_2968
[12] table              vault-market
  applied    2 requests duplicate t7 -> n12_g3f77215683c_2_2968
  applied  322 requests n12
  applied    3 requests notes n12_g3f77215683c_2_2968
[13] divider            d03
  applied    2 requests duplicate t3 -> n13_g3f769a0f446_0_988
  applied    8 requests n13
  applied    1 requests notes n13_g3f769a0f446_0_988
[14] scale              of-numbers
  applied    2 requests duplicate t7 -> n14_g3f77215683c_2_2968
  applied  141 requests n14
  applied    3 requests notes n14_g3f77215683c_2_2968
[15] traffic_list       traffic
  applied    2 requests duplicate t7 -> n15_g3f77215683c_2_2968
  applied  161 requests n15
  applied    3 requests notes n15_g3f77215683c_2_2968
[16] cards_row          stack
  applied    2 requests duplicate t7 -> n16_g3f77215683c_2_2968
  applied  111 requests n16
  applied    3 requests notes n16_g3f77215683c_2_2968
[17] table              lesson-2021
  applied    2 requests duplicate t7 -> n17_g3f77215683c_2_2968
  applied  190 requests n17
  applied    3 requests notes n17_g3f77215683c_2_2968
[18] four_numbers       four-numbers
  applied    2 requests duplicate t7 -> n18_g3f77215683c_2_2968
  applied  125 requests n18
  applied    3 requests notes n18_g3f77215683c_2_2968
[19] divider            d04
  applied    2 requests duplicate t3 -> n19_g3f769a0f446_0_988
  applied    8 requests n19
  applied    1 requests notes n19_g3f769a0f446_0_988
[20] cards_row          cof-today
  applied    2 requests duplicate t7 -> n20_g3f77215683c_2_2968
  applied   93 requests n20
  applied    3 requests notes n20_g3f77215683c_2_2968
[21] table              five-data
  applied    2 requests duplicate t7 -> n21_g3f77215683c_2_2968
  applied  237 requests n21
  applied    3 requests notes n21_g3f77215683c_2_2968
[22] checklist_table    questions-1
  applied    2 requests duplicate t7 -> n22_g3f77215683c_2_2968
  applied  290 requests n22
  applied    3 requests notes n22_g3f77215683c_2_2968
[23] checklist_table    questions-2
  applied    2 requests duplicate t7 -> n23_g3f77215683c_2_2968
  applied  225 requests n23
  applied    3 requests notes n23_g3f77215683c_2_2968
[24] checklist_table    questions-3
  applied    2 requests duplicate t7 -> n24_g3f77215683c_2_2968
  applied  215 requests n24
  applied    3 requests notes n24_g3f77215683c_2_2968
[25] stats              clocks
  applied    2 requests duplicate t7 -> n25_g3f77215683c_2_2968
  applied  109 requests n25
  applied    3 requests notes n25_g3f77215683c_2_2968
[26] divider            d05
  applied    2 requests duplicate t3 -> n26_g3f769a0f446_0_988
  applied    8 requests n26
  applied    1 requests notes n26_g3f769a0f446_0_988
[27] template_keep      yuno-story
  WARNING slide yuno-story: template_index 23 is 'four pillars' in template_dump order; using 22 ('Yuno story stats') from the slide id
  WARNING slide yuno-story: template_index 23 is 'four pillars' in template_dump order; using 22 ('Yuno story stats') from the slide id
  applied    2 requests duplicate t22 -> n27_g3f769a0f446_0_14188
  applied   11 requests n27
  applied    1 requests notes n27_g3f769a0f446_0_14188
[28] template_keep      four-pillars
  WARNING slide four-pillars: template_index 24 is 'offices map' in template_dump order; using 23 ('four pillars') from the slide id
  WARNING slide four-pillars: template_index 24 is 'offices map' in template_dump order; using 23 ('four pillars') from the slide id
  applied    2 requests duplicate t23 -> n28_g3f769a0f446_0_7028
  applied   10 requests n28
[29] table              compliance
  applied    2 requests duplicate t7 -> n29_g3f77215683c_2_2968
  applied  285 requests n29
Error: sequential build stopped by operator, switching to 4 parallel workers
