/Users/germantatis/Library/Python/3.9/lib/python/site-packages/google/oauth2/__init__.py:40: FutureWarning: You are using a Python version 3.9 past its end of life. Google will update google-auth with critical bug fixes on a best-effort basis, but not with any other fixes or features. Please upgrade your Python version, and then update google-auth.
  warnings.warn(eol_message.format("3.9"), FutureWarning)
/Users/germantatis/Library/Python/3.9/lib/python/site-packages/google/auth/__init__.py:54: FutureWarning: You are using a Python version 3.9 past its end of life. Google will update google-auth with critical bug fixes on a best-effort basis, but not with any other fixes or features. Please upgrade your Python version, and then update google-auth.
  warnings.warn(eol_message.format("3.9"), FutureWarning)
/Users/germantatis/Library/Python/3.9/lib/python/site-packages/google/api_core/_python_version_support.py:246: FutureWarning: You are using a non-supported Python version (3.9.6). Google will not post any further updates to google.api_core supporting this Python version. Please upgrade to the latest Python version, or at least Python 3.11, and then update google.api_core.
  warnings.warn(message, FutureWarning)
target presentation: 1_W9Xr8MWsNcv-y3I2baUFl1WUMnvVxxyrLCjKu3t5js (Deck - OnlyFans + Yuno · Token Vault (Oct 2026))
[02] agenda             agenda
  applied    2 requests duplicate t2 -> n02_g3f769a0f446_0_0
  applied   96 requests n02
[05] exec_summary       exec
  applied    2 requests duplicate t7 -> n05_g3f77215683c_2_2968
  applied  116 requests n05
  applied    3 requests notes n05_g3f77215683c_2_2968
[08] divider            d02
  applied    2 requests duplicate t3 -> n08_g3f769a0f446_0_988
  applied   13 requests n08
  applied    1 requests notes n08_g3f769a0f446_0_988
[11] cards_row          vault-2026
  applied    2 requests duplicate t7 -> n11_g3f77215683c_2_2968
  applied  110 requests n11
  applied    3 requests notes n11_g3f77215683c_2_2968
[14] scale              of-numbers
  applied    2 requests duplicate t7 -> n14_g3f77215683c_2_2968
  applied  140 requests n14
  applied    3 requests notes n14_g3f77215683c_2_2968
[17] table              lesson-2021
  applied    2 requests duplicate t7 -> n17_g3f77215683c_2_2968
  applied  189 requests n17
  applied    3 requests notes n17_g3f77215683c_2_2968
[20] cards_row          cof-today
  applied    2 requests duplicate t7 -> n20_g3f77215683c_2_2968
  applied   92 requests n20
  applied    3 requests notes n20_g3f77215683c_2_2968
[23] checklist_table    questions-2
  retry 1 on chunk 0 (duplicate t7 -> n23_g3f77215683c_2_2968): <HttpError 429 when requesting https://slides.googleapis.com/v1/presentations/1_W9Xr8MWsNcv-y3I2baUFl1WUMnvVxxyrLCjKu3t5js:batchUpdate?alt=j
  retry 2 on chunk 0 (duplicate t7 -> n23_g3f77215683c_2_2968): <HttpError 429 when requesting https://slides.googleapis.com/v1/presentations/1_W9Xr8MWsNcv-y3I2baUFl1WUMnvVxxyrLCjKu3t5js:batchUpdate?alt=j
  retry 3 on chunk 0 (duplicate t7 -> n23_g3f77215683c_2_2968): <HttpError 429 when requesting https://slides.googleapis.com/v1/presentations/1_W9Xr8MWsNcv-y3I2baUFl1WUMnvVxxyrLCjKu3t5js:batchUpdate?alt=j
  applied    2 requests duplicate t7 -> n23_g3f77215683c_2_2968
  applied  225 requests n23
  applied    3 requests notes n23_g3f77215683c_2_2968
[26] divider            d05
  applied    2 requests duplicate t3 -> n26_g3f769a0f446_0_988
  applied    8 requests n26
  applied    1 requests notes n26_g3f769a0f446_0_988
[29] table              compliance
  applied    2 requests duplicate t7 -> n29_g3f77215683c_2_2968
  applied  285 requests n29
  applied    3 requests notes n29_g3f77215683c_2_2968
[32] template_keep      team
  WARNING slide team: template_index 27 is 'dedicated team' in template_dump order; using 26 ('team') from the slide id
  WARNING slide team: template_index 27 is 'dedicated team' in template_dump order; using 26 ('team') from the slide id
  applied    2 requests duplicate t26 -> n32_g3f77215683c_1_1334
  applied   10 requests n32
  applied    1 requests notes n32_g3f77215683c_1_1334
[35] cards_row          vault-cards
  applied    2 requests duplicate t7 -> n35_g3f77215683c_2_2968
  applied  143 requests n35
  applied    3 requests notes n35_g3f77215683c_2_2968
[38] cards_row          move
  applied    2 requests duplicate t7 -> n38_g3f77215683c_2_2968
  applied  157 requests n38
  retry 1 on chunk 0 (notes n38_g3f77215683c_2_2968): <HttpError 429 when requesting https://slides.googleapis.com/v1/presentations/1_W9Xr8MWsNcv-y3I2baUFl1WUMnvVxxyrLCjKu3t5js:batchUpdate?alt=j
  retry 2 on chunk 0 (notes n38_g3f77215683c_2_2968): <HttpError 429 when requesting https://slides.googleapis.com/v1/presentations/1_W9Xr8MWsNcv-y3I2baUFl1WUMnvVxxyrLCjKu3t5js:batchUpdate?alt=j
  retry 3 on chunk 0 (notes n38_g3f77215683c_2_2968): <HttpError 429 when requesting https://slides.googleapis.com/v1/presentations/1_W9Xr8MWsNcv-y3I2baUFl1WUMnvVxxyrLCjKu3t5js:batchUpdate?alt=j
Traceback (most recent call last):
  File "/Users/germantatis/Desktop/GTMCoding/Deals/OnlyFans/build/gs_engine.py", line 1473, in <module>
    build_from_spec(a[1], final='--final' in a, only=only, replace='--replace' in a)
  File "/Users/germantatis/Desktop/GTMCoding/Deals/OnlyFans/build/gs_engine.py", line 1430, in build_from_spec
    sid = render_one(deck, s, tag, n, footer)
  File "/Users/germantatis/Desktop/GTMCoding/Deals/OnlyFans/build/gs_engine.py", line 1399, in render_one
    return RENDERERS[t](deck, s, tag, n, footer)
  File "/Users/germantatis/Desktop/GTMCoding/Deals/OnlyFans/build/gs_engine.py", line 1038, in r_cards_row
    return _finish(deck, sb, sid, s, n, footer)
  File "/Users/germantatis/Desktop/GTMCoding/Deals/OnlyFans/build/gs_engine.py", line 867, in _finish
    sb.flush(); deck.set_notes(sid, s.get('notes')); return sid
  File "/Users/germantatis/Desktop/GTMCoding/Deals/OnlyFans/build/gs_engine.py", line 320, in set_notes
    self.run(reqs, f'notes {slide_id}')
  File "/Users/germantatis/Desktop/GTMCoding/Deals/OnlyFans/build/gs_engine.py", line 287, in run
    if reqs: run(self.svc, self.pid, reqs, label=label)
  File "/Users/germantatis/Desktop/GTMCoding/Deals/OnlyFans/build/gs_engine.py", line 145, in run
    svc.presentations().batchUpdate(presentationId=pid, body={'requests': part}).execute(); break
  File "/Users/germantatis/Library/Python/3.9/lib/python/site-packages/googleapiclient/_helpers.py", line 130, in positional_wrapper
    return wrapped(*args, **kwargs)
  File "/Users/germantatis/Library/Python/3.9/lib/python/site-packages/googleapiclient/http.py", line 938, in execute
    raise HttpError(resp, content, uri=self.uri)
googleapiclient.errors.HttpError: <HttpError 429 when requesting https://slides.googleapis.com/v1/presentations/1_W9Xr8MWsNcv-y3I2baUFl1WUMnvVxxyrLCjKu3t5js:batchUpdate?alt=json returned "Quota exceeded for quota metric 'Write requests' and limit 'Write requests per minute per user' of service 'slides.googleapis.com' for consumer 'project_number:8018955664'.". Details: "[{'@type': 'type.googleapis.com/google.rpc.ErrorInfo', 'reason': 'RATE_LIMIT_EXCEEDED', 'domain': 'googleapis.com', 'metadata': {'quota_limit_value': '60', 'quota_limit': 'WriteRequestsPerMinutePerUser', 'consumer': 'projects/8018955664', 'quota_location': 'global', 'window_start_time': '1791452281', 'quota_metric': 'slides.googleapis.com/write_requests', 'quota_unit': '1/min/{project}/{user}', 'service': 'slides.googleapis.com'}}, {'@type': 'type.googleapis.com/google.rpc.Help', 'links': [{'description': 'Request a higher quota limit.', 'url': 'https://cloud.google.com/docs/quotas/help/request_increase'}]}]">
