/Users/germantatis/Library/Python/3.9/lib/python/site-packages/google/oauth2/__init__.py:40: FutureWarning: You are using a Python version 3.9 past its end of life. Google will update google-auth with critical bug fixes on a best-effort basis, but not with any other fixes or features. Please upgrade your Python version, and then update google-auth.
  warnings.warn(eol_message.format("3.9"), FutureWarning)
/Users/germantatis/Library/Python/3.9/lib/python/site-packages/google/auth/__init__.py:54: FutureWarning: You are using a Python version 3.9 past its end of life. Google will update google-auth with critical bug fixes on a best-effort basis, but not with any other fixes or features. Please upgrade your Python version, and then update google-auth.
  warnings.warn(eol_message.format("3.9"), FutureWarning)
/Users/germantatis/Library/Python/3.9/lib/python/site-packages/google/api_core/_python_version_support.py:246: FutureWarning: You are using a non-supported Python version (3.9.6). Google will not post any further updates to google.api_core supporting this Python version. Please upgrade to the latest Python version, or at least Python 3.11, and then update google.api_core.
  warnings.warn(message, FutureWarning)
target presentation: 1JSaFLC6QEIoNDFq1RbmMglAyuf8bLx7HDk2qzeeEbbA (Deck - OnlyFans + Yuno · Token Vault (Oct 2026))
[29] table              compliance
  applied    2 requests duplicate t7 -> n29_g3f77215683c_2_2968
  applied  285 requests n29
  applied    3 requests notes n29_g3f77215683c_2_2968
[33] template_keep      dedicated
  WARNING slide dedicated: template_index 29 is 'marketplace hero' in template_dump order; using 27 ('dedicated team') from the slide id
  WARNING slide dedicated: template_index 29 is 'marketplace hero' in template_dump order; using 27 ('dedicated team') from the slide id
  applied    2 requests duplicate t27 -> n33_g3f77215683c_2_1368
  applied   22 requests n33
  applied    1 requests notes n33_g3f77215683c_2_1368
[37] diagram            keep-current
  applied    2 requests duplicate t7 -> n37_g3f77215683c_2_2968
  applied  168 requests n37
  applied    3 requests notes n37_g3f77215683c_2_2968
[41] diagram            banking
  applied    2 requests duplicate t7 -> n41_g3f77215683c_2_2968
  applied  190 requests n41
  applied    3 requests notes n41_g3f77215683c_2_2968
[45] two_column         direction-yield
  applied    2 requests duplicate t7 -> n45_g3f77215683c_2_2968
  applied  149 requests n45
  applied    3 requests notes n45_g3f77215683c_2_2968
[49] table              versus-table
  applied    2 requests duplicate t7 -> n49_g3f77215683c_2_2968
  applied  463 requests n49
  retry 1 on chunk 0 (notes n49_g3f77215683c_2_2968): <HttpError 429 when requesting https://slides.googleapis.com/v1/presentations/1JSaFLC6QEIoNDFq1RbmMglAyuf8bLx7HDk2qzeeEbbA:batchUpdate?alt=j
  retry 2 on chunk 0 (notes n49_g3f77215683c_2_2968): <HttpError 429 when requesting https://slides.googleapis.com/v1/presentations/1JSaFLC6QEIoNDFq1RbmMglAyuf8bLx7HDk2qzeeEbbA:batchUpdate?alt=j
  retry 3 on chunk 0 (notes n49_g3f77215683c_2_2968): <HttpError 429 when requesting https://slides.googleapis.com/v1/presentations/1JSaFLC6QEIoNDFq1RbmMglAyuf8bLx7HDk2qzeeEbbA:batchUpdate?alt=j
  applied    3 requests notes n49_g3f77215683c_2_2968
[53] phases             shape
  applied    2 requests duplicate t7 -> n53_g3f77215683c_2_2968
  applied  130 requests n53
  applied    3 requests notes n53_g3f77215683c_2_2968
[57] divider            d-appx
  applied    2 requests duplicate t3 -> n57_g3f769a0f446_0_988
  applied    6 requests n57
  applied    1 requests notes n57_g3f769a0f446_0_988
[61] sources            app-sources
  applied    2 requests duplicate t7 -> n61_g3f77215683c_2_2968
  applied  232 requests n61
  applied    3 requests notes n61_g3f77215683c_2_2968
